
> nextn@0.1.0 typecheck
> tsc --noEmit

.next/types/app/api/auth/[...nextauth]/route.ts(12,13): error TS2344: Type 'OmitWithTag<typeof import("C:/Users/shubh/OneDrive/Desktop/Projects/OnlyExplore/src/app/api/auth/[...nextauth]/route"), "POST" | "GET" | "HEAD" | "OPTIONS" | "PUT" | "DELETE" | "PATCH" | ... 8 more ... | "maxDuration", "">' does not satisfy the constraint '{ [x: string]: never; }'.
  Property 'authOptions' is incompatible with index signature.
    Type 'AuthOptions' is not assignable to type 'never'.
